[Wed Jan 25 2017 22:50:15 GMT+0800 (Malay Peninsula Standard Time)] layer "RSVP at info@juniper.net": Unsupported extension: net
[Wed Jan 25 2017 22:50:15 GMT+0800 (Malay Peninsula Standard Time)] layer "www.juniper.net": Unsupported extension: net
